stage /tiingo/daily/MMM -> 200
stage /tiingo/daily/MMM/prices -> 200
stage /tiingo/fundamentals/MMM/daily -> 200
stage /tiingo/daily/AXP -> 200
stage /tiingo/daily/AXP/prices -> 200
stage /tiingo/fundamentals/AXP/daily -> 200
stage /tiingo/daily/AMGN -> 200
stage /tiingo/daily/AMGN/prices -> 200
stage /tiingo/fundamentals/AMGN/daily -> 200
stage /tiingo/daily/AAPL -> 200
stage /tiingo/daily/AAPL/prices -> 200
stage /tiingo/fundamentals/AAPL/daily -> 200
stage /tiingo/daily/BA -> 200
stage /tiingo/daily/BA/prices -> 200
stage /tiingo/fundamentals/BA/daily -> 200
stage /tiingo/daily/CAT -> 200
stage /tiingo/daily/CAT/prices -> 200
stage /tiingo/fundamentals/CAT/daily -> 200
stage /tiingo/daily/CVX -> 200
stage /tiingo/daily/CVX/prices -> 200
stage /tiingo/fundamentals/CVX/daily -> 200
stage /tiingo/daily/CSCO -> 200
stage /tiingo/daily/CSCO/prices -> 200
stage /tiingo/fundamentals/CSCO/daily -> 200
stage /tiingo/daily/KO -> 200
stage /tiingo/daily/KO/prices -> 200
stage /tiingo/fundamentals/KO/daily -> 200
stage /tiingo/daily/DIS -> 200
stage /tiingo/daily/DIS/prices -> 200
stage /tiingo/fundamentals/DIS/daily -> 200
stage /tiingo/daily/GS -> 200
stage /tiingo/daily/GS/prices -> 200
stage /tiingo/fundamentals/GS/daily -> 200
stage /tiingo/daily/HD -> 200
stage /tiingo/daily/HD/prices -> 200
stage /tiingo/fundamentals/HD/daily -> 200
stage /tiingo/daily/HON -> 200
stage /tiingo/daily/HON/prices -> 200
stage /tiingo/fundamentals/HON/daily -> 200
stage /tiingo/daily/IBM -> 200
stage /tiingo/daily/IBM/prices -> 200
stage /tiingo/fundamentals/IBM/daily -> 200
stage /tiingo/daily/JNJ -> 200
stage /tiingo/daily/JNJ/prices -> 200
stage /tiingo/fundamentals/JNJ/daily -> 200
stage /tiingo/daily/JPM -> 200
stage /tiingo/daily/JPM/prices -> 200
stage /tiingo/fundamentals/JPM/daily -> 200
stage /tiingo/daily/MCD -> 200
stage /tiingo/daily/MCD/prices -> 200
stage /tiingo/fundamentals/MCD/daily -> 200
stage /tiingo/daily/MRK -> 200
stage /tiingo/daily/MRK/prices -> 200
stage /tiingo/fundamentals/MRK/daily -> 200
stage /tiingo/daily/MSFT -> 200
stage /tiingo/daily/MSFT/prices -> 200
stage /tiingo/fundamentals/MSFT/daily -> 200
stage /tiingo/daily/NKE -> 200
stage /tiingo/daily/NKE/prices -> 200
stage /tiingo/fundamentals/NKE/daily -> 200
stage /tiingo/daily/PG -> 200
stage /tiingo/daily/PG/prices -> 200
stage /tiingo/fundamentals/PG/daily -> 200
stage /tiingo/daily/CRM -> 200
stage /tiingo/daily/CRM/prices -> 200
stage /tiingo/fundamentals/CRM/daily -> 200
stage /tiingo/daily/TRV -> 200
stage /tiingo/daily/TRV/prices -> 200
stage /tiingo/fundamentals/TRV/daily -> 200
stage /tiingo/daily/UNH -> 200
stage /tiingo/daily/UNH/prices -> 200
stage /tiingo/fundamentals/UNH/daily -> 200
stage /tiingo/daily/V -> 200
stage /tiingo/daily/V/prices -> 200
stage /tiingo/fundamentals/V/daily -> 200
stage /tiingo/daily/WMT -> 200
stage /tiingo/daily/WMT/prices -> 200
stage /tiingo/fundamentals/WMT/daily -> 200
promoted 78 Tiingo recordings + manifest.json to /Users/dingningpei/Developer/personal/smart_beta/worktrees/task-p5a-4-gate-b-scalability/tests/fixtures/tiingo/phase5a_gate_b
