MMM: 200 (1 rows) [resumed]
GOOGL: 400 Error: Free and Power plans are limited to the DOW 30. If you would like access to all supported tickers, then please E-mail support@tiingo.com to get the Fundamental Data API added as an add-on service. [resumed]
AXP: 200 (1 rows) [resumed]
AMGN: 200 (1 rows) [resumed]
AMZN: 400 Error: Free and Power plans are limited to the DOW 30. If you would like access to all supported tickers, then please E-mail support@tiingo.com to get the Fundamental Data API added as an add-on service. [resumed]
AAPL: 200 (1 rows) [resumed]
BA: 200 (1 rows) [resumed]
CAT: 200 (1 rows) [resumed]
CVX: 200 (1 rows) [resumed]
CSCO: 200 (1 rows) [resumed]
KO: 200 (1 rows) [resumed]
DIS: 200 (1 rows) [resumed]
GS: 200 (1 rows) [resumed]
HD: 200 (1 rows) [resumed]
HON: 200 (1 rows) [resumed]
IBM: 200 (1 rows) [resumed]
JNJ: 200 (1 rows) [resumed]
JPM: 200 (1 rows) [resumed]
MCD: 200 (1 rows) [resumed]
MRK: 200 (1 rows) [resumed]
MSFT: 200 (1 rows) [resumed]
NKE: 200 (1 rows) [resumed]
NVDA: 400 Error: Free and Power plans are limited to the DOW 30. If you would like access to all supported tickers, then please E-mail support@tiingo.com to get the Fundamental Data API added as an add-on service. [resumed]
PG: 200 (1 rows) [resumed]
CRM: 200 (1 rows) [resumed]
SHW: 400 Error: Free and Power plans are limited to the DOW 30. If you would like access to all supported tickers, then please E-mail support@tiingo.com to get the Fundamental Data API added as an add-on service. [resumed]
TRV: 200 (1 rows) [resumed]
UNH: 200 (1 rows) [resumed]
V: 200 (1 rows)
WMT: 200 (1 rows)
wrote /Users/dingningpei/Developer/personal/smart_beta/worktrees/task-p5a-4-gate-b-scalability/docs/phase5a/gate_b/universe_snapshot.json (26/30 accessible)
