rec /tiingo/daily/MMM -> 200
rec /tiingo/daily/MMM/prices -> 200
rec /tiingo/fundamentals/MMM/daily -> 200
rec /tiingo/daily/AXP -> 200
rec /tiingo/daily/AXP/prices -> 200
rec /tiingo/fundamentals/AXP/daily -> 200
rec /tiingo/daily/AMGN -> 200
rec /tiingo/daily/AMGN/prices -> 200
rec /tiingo/fundamentals/AMGN/daily -> 200
rec /tiingo/daily/AAPL -> 200
rec /tiingo/daily/AAPL/prices -> 200
rec /tiingo/fundamentals/AAPL/daily -> 200
rec /tiingo/daily/BA -> 200
rec /tiingo/daily/BA/prices -> 200
rec /tiingo/fundamentals/BA/daily -> 200
rec /tiingo/daily/CAT -> 200
rec /tiingo/daily/CAT/prices -> 200
rec /tiingo/fundamentals/CAT/daily -> 200
rec /tiingo/daily/CVX -> 200
rec /tiingo/daily/CVX/prices -> 200
rec /tiingo/fundamentals/CVX/daily -> 200
rec /tiingo/daily/CSCO -> 200
rec /tiingo/daily/CSCO/prices -> 200
rec /tiingo/fundamentals/CSCO/daily -> 200
rec /tiingo/daily/KO -> 200
rec /tiingo/daily/KO/prices -> 200
rec /tiingo/fundamentals/KO/daily -> 200
rec /tiingo/daily/DIS -> 200
rec /tiingo/daily/DIS/prices -> 200
rec /tiingo/fundamentals/DIS/daily -> 200
rec /tiingo/daily/GS -> 200
rec /tiingo/daily/GS/prices -> 200
rec /tiingo/fundamentals/GS/daily -> 200
rec /tiingo/daily/HD -> 200
rec /tiingo/daily/HD/prices -> 200
rec /tiingo/fundamentals/HD/daily -> 200
rec /tiingo/daily/HON -> 200
rec /tiingo/daily/HON/prices -> 200
rec /tiingo/fundamentals/HON/daily -> 200
rec /tiingo/daily/IBM -> 200
rec /tiingo/daily/IBM/prices -> 200
rec /tiingo/fundamentals/IBM/daily -> 200
rec /tiingo/daily/JNJ -> 200
rec /tiingo/daily/JNJ/prices -> 200
rec /tiingo/fundamentals/JNJ/daily -> 200
rec /tiingo/daily/JPM -> 200
rec /tiingo/daily/JPM/prices -> 200
rec /tiingo/fundamentals/JPM/daily -> 200
rec /tiingo/daily/MCD -> 200
rec /tiingo/daily/MCD/prices -> 200
rec /tiingo/fundamentals/MCD/daily -> 200
rec /tiingo/daily/MRK -> 200
rec /tiingo/daily/MRK/prices -> 200
rec /tiingo/fundamentals/MRK/daily -> 200
rec /tiingo/daily/MSFT -> 200
rec /tiingo/daily/MSFT/prices -> 200
rec /tiingo/fundamentals/MSFT/daily -> 200
rec /tiingo/daily/NKE -> 200
rec /tiingo/daily/NKE/prices -> 200
rec /tiingo/fundamentals/NKE/daily -> 200
rec /tiingo/daily/PG -> 200
rec /tiingo/daily/PG/prices -> 200
rec /tiingo/fundamentals/PG/daily -> 200
rec /tiingo/daily/CRM -> 200
rec /tiingo/daily/CRM/prices -> 200
rec /tiingo/fundamentals/CRM/daily -> 200
rec /tiingo/daily/TRV -> 200
rec /tiingo/daily/TRV/prices -> 200
rec /tiingo/fundamentals/TRV/daily -> 429
BLOCKED: fixture request /tiingo/fundamentals/TRV/daily returned HTTP 429 {'detail': 'Error: You have run over your hourly request allocation. Please upgrade at https://api.tiingo.com/pricing to have your limits increased.'}. Stopping immediately; refusing to write any partial fixture set.
BLOCKED: live recording did not return a complete, valid fixture set. Refusing to write or overwrite anything.
  - /tiingo/fundamentals/TRV/daily -> HTTP 429 {'detail': 'Error: You have run over your hourly request allocation. Please upgrade at https://api.tiingo.com/pricing to have your limits increased.'}
