000001.SZ::daily             HTTP 503   outcome=error  n_items=0 error=upstream_pool_exhausted
000001.SZ::daily_basic       HTTP 503   outcome=error  n_items=0 error=upstream_pool_exhausted
000001.SZ::stk_limit         HTTP 503   outcome=error  n_items=0 error=upstream_pool_exhausted
000001.SZ::suspend_d         HTTP 503   outcome=error  n_items=0 error=upstream_pool_exhausted
000001.SZ::dividend          HTTP 200   outcome=ok     n_items=71 error=None
000001.SZ::stock_basic       HTTP 503   outcome=error  n_items=0 error=upstream_pool_exhausted
000001.SZ::income            HTTP 200   outcome=ok     n_items=1 error=None
000001.SZ::balancesheet      HTTP 200   outcome=ok     n_items=2 error=None
000001.SZ::fina_indicator    HTTP 200   outcome=ok     n_items=1 error=None
600519.SH::daily             HTTP 200   outcome=ok     n_items=21 error=None
600519.SH::daily_basic       HTTP 200   outcome=ok     n_items=21 error=None
600519.SH::stk_limit         HTTP 200   outcome=ok     n_items=21 error=None
600519.SH::suspend_d         HTTP 503   outcome=error  n_items=0 error=upstream_pool_exhausted
600519.SH::dividend          HTTP 200   outcome=ok     n_items=116 error=None
600519.SH::stock_basic       HTTP 503   outcome=error  n_items=0 error=upstream_pool_exhausted
600519.SH::income            HTTP 503   outcome=error  n_items=0 error=upstream_pool_exhausted
600519.SH::balancesheet      HTTP 200   outcome=ok     n_items=1 error=None
600519.SH::fina_indicator    HTTP 503   outcome=error  n_items=0 error=upstream_pool_exhausted
601318.SH::daily             HTTP 200   outcome=ok     n_items=21 error=None
601318.SH::daily_basic       HTTP 503   outcome=error  n_items=0 error=upstream_pool_exhausted
601318.SH::stk_limit         HTTP 503   outcome=error  n_items=0 error=upstream_pool_exhausted
601318.SH::suspend_d         HTTP 503   outcome=error  n_items=0 error=upstream_pool_exhausted
601318.SH::dividend          HTTP 200   outcome=ok     n_items=84 error=None
601318.SH::stock_basic       HTTP 503   outcome=error  n_items=0 error=upstream_pool_exhausted
601318.SH::income            HTTP 503   outcome=error  n_items=0 error=upstream_pool_exhausted
601318.SH::balancesheet      HTTP 503   outcome=error  n_items=0 error=upstream_pool_exhausted
601318.SH::fina_indicator    HTTP 503   outcome=error  n_items=0 error=upstream_pool_exhausted
000858.SZ::daily             HTTP 503   outcome=error  n_items=0 error=upstream_pool_exhausted
000858.SZ::daily_basic       HTTP 503   outcome=error  n_items=0 error=upstream_pool_exhausted
000858.SZ::stk_limit         HTTP 503   outcome=error  n_items=0 error=upstream_pool_exhausted
000858.SZ::suspend_d         HTTP 503   outcome=error  n_items=0 error=upstream_pool_exhausted
000858.SZ::dividend          HTTP 503   outcome=error  n_items=0 error=upstream_pool_exhausted
000858.SZ::stock_basic       HTTP 200   outcome=ok     n_items=3 error=None
000858.SZ::income            HTTP 503   outcome=error  n_items=0 error=upstream_pool_exhausted
000858.SZ::balancesheet      HTTP 503   outcome=error  n_items=0 error=upstream_pool_exhausted
000858.SZ::fina_indicator    HTTP 200   outcome=ok     n_items=1 error=None
disposition: PROBE_BLOCKED -> /Users/dingningpei/Developer/personal/smart_beta/worktrees/task-p5b-4-pilot-universe/docs/phase5b/pilot_universe/entitlement_probe_ledger.json
